#-----------------------------------------------------------
# Vivado v2024.1 (64-bit)
# SW Build 5076996 on Wed May 22 18:37:14 MDT 2024
# IP Build 5075265 on Wed May 22 21:45:21 MDT 2024
# SharedData Build 5076995 on Wed May 22 18:29:18 MDT 2024
# Start of session at: Thu Apr 23 13:42:58 2026
# Process ID: 27168
# Current directory: C:/Users/umbre/Downloads/final4/final4.runs/impl_1
# Command line: vivado.exe -log design_1_wrapper.vdi -applog -product Vivado -messageDb vivado.pb -mode batch -source design_1_wrapper.tcl -notrace
# Log file: C:/Users/umbre/Downloads/final4/final4.runs/impl_1/design_1_wrapper.vdi
# Journal file: C:/Users/umbre/Downloads/final4/final4.runs/impl_1\vivado.jou
# Running On        :Caverna
# Platform          :Windows Server 2016 or Windows 10
# Operating System  :26200
# Processor Detail  :Intel(R) Core(TM) Ultra 7 255H
# CPU Frequency     :3686 MHz
# CPU Physical cores:16
# CPU Logical cores :16
# Host memory       :42303 MB
# Swap memory       :6442 MB
# Total Virtual     :48746 MB
# Available Virtual :19567 MB
#-----------------------------------------------------------
source design_1_wrapper.tcl -notrace
